
Running 10 tests using 8 workers

[1A[2K[1/10] [chromium] ÔÇ║ tests\critical_features.spec.js:49:5 ÔÇ║ EVALUACI├ôN DE FUNCIONES CR├ìTICAS (KAI) ÔÇ║ F01: Creaci├│n y Visualizaci├│n de Notas
[1A[2K[2/10] [chromium] ÔÇ║ tests\critical_features.spec.js:60:5 ÔÇ║ EVALUACI├ôN DE FUNCIONES CR├ìTICAS (KAI) ÔÇ║ F02: Identificaci├│n de Tareas mediante Keywords
[1A[2K[3/10] [mobile-safari] ÔÇ║ tests\critical_features.spec.js:60:5 ÔÇ║ EVALUACI├ôN DE FUNCIONES CR├ìTICAS (KAI) ÔÇ║ F02: Identificaci├│n de Tareas mediante Keywords
[1A[2K[4/10] [chromium] ÔÇ║ tests\critical_features.spec.js:70:5 ÔÇ║ EVALUACI├ôN DE FUNCIONES CR├ìTICAS (KAI) ÔÇ║ F06: Edici├│n Inline y Persistencia Local
[1A[2K[5/10] [chromium] ÔÇ║ tests\critical_features.spec.js:86:5 ÔÇ║ EVALUACI├ôN DE FUNCIONES CR├ìTICAS (KAI) ÔÇ║ F13: Sistema de Filtros por Categor├¡a
[1A[2K[6/10] [chromium] ÔÇ║ tests\critical_features.spec.js:96:5 ÔÇ║ EVALUACI├ôN DE FUNCIONES CR├ìTICAS (KAI) ÔÇ║ F12: Seguridad y Exportaci├│n de Datos
[1A[2K[7/10] [mobile-safari] ÔÇ║ tests\critical_features.spec.js:49:5 ÔÇ║ EVALUACI├ôN DE FUNCIONES CR├ìTICAS (KAI) ÔÇ║ F01: Creaci├│n y Visualizaci├│n de Notas
[1A[2K[8/10] [mobile-safari] ÔÇ║ tests\critical_features.spec.js:70:5 ÔÇ║ EVALUACI├ôN DE FUNCIONES CR├ìTICAS (KAI) ÔÇ║ F06: Edici├│n Inline y Persistencia Local
[1A[2K  1) [mobile-safari] ÔÇ║ tests\critical_features.spec.js:60:5 ÔÇ║ EVALUACI├ôN DE FUNCIONES CR├ìTICAS (KAI) ÔÇ║ F02: Identificaci├│n de Tareas mediante Keywords 

    Error: browserType.launch: Executable doesn't exist at C:\Users\User\AppData\Local\ms-playwright\webkit-2248\Playwright.exe
    ÔòöÔòÉÔòÉÔòÉÔòÉÔòÉÔòÉÔòÉÔòÉÔòÉÔòÉÔòÉÔòÉÔòÉÔòÉÔòÉÔòÉÔòÉÔòÉÔòÉÔòÉÔòÉÔòÉÔòÉÔòÉÔòÉÔòÉÔòÉÔòÉÔòÉÔòÉÔòÉÔòÉÔòÉÔòÉÔòÉÔòÉÔòÉÔòÉÔòÉÔòÉÔòÉÔòÉÔòÉÔòÉÔòÉÔòÉÔòÉÔòÉÔòÉÔòÉÔòÉÔòÉÔòÉÔòÉÔòÉÔòÉÔòÉÔòÉÔòÉÔòÉÔòÉÔòÉÔòÉÔòÉÔòÉÔòÉÔòÉÔòÉÔòÉÔòÉÔòÉÔòÉÔòÉÔòù
    Ôòæ Looks like Playwright Test or Playwright was just installed or updated. Ôòæ
    Ôòæ Please run the following command to download new browsers:              Ôòæ
    Ôòæ                                                                         Ôòæ
    Ôòæ     npx playwright install                                              Ôòæ
    Ôòæ                                                                         Ôòæ
    Ôòæ <3 Playwright Team                                                      Ôòæ
    ÔòÜÔòÉÔòÉÔòÉÔòÉÔòÉÔòÉÔòÉÔòÉÔòÉÔòÉÔòÉÔòÉÔòÉÔòÉÔòÉÔòÉÔòÉÔòÉÔòÉÔòÉÔòÉÔòÉÔòÉÔòÉÔòÉÔòÉÔòÉÔòÉÔòÉÔòÉÔòÉÔòÉÔòÉÔòÉÔòÉÔòÉÔòÉÔòÉÔòÉÔòÉÔòÉÔòÉÔòÉÔòÉÔòÉÔòÉÔòÉÔòÉÔòÉÔòÉÔòÉÔòÉÔòÉÔòÉÔòÉÔòÉÔòÉÔòÉÔòÉÔòÉÔòÉÔòÉÔòÉÔòÉÔòÉÔòÉÔòÉÔòÉÔòÉÔòÉÔòÉÔòÉÔòÉÔòØ


[1A[2K  2) [mobile-safari] ÔÇ║ tests\critical_features.spec.js:49:5 ÔÇ║ EVALUACI├ôN DE FUNCIONES CR├ìTICAS (KAI) ÔÇ║ F01: Creaci├│n y Visualizaci├│n de Notas 

    Error: browserType.launch: Executable doesn't exist at C:\Users\User\AppData\Local\ms-playwright\webkit-2248\Playwright.exe
    ÔòöÔòÉÔòÉÔòÉÔòÉÔòÉÔòÉÔòÉÔòÉÔòÉÔòÉÔòÉÔòÉÔòÉÔòÉÔòÉÔòÉÔòÉÔòÉÔòÉÔòÉÔòÉÔòÉÔòÉÔòÉÔòÉÔòÉÔòÉÔòÉÔòÉÔòÉÔòÉÔòÉÔòÉÔòÉÔòÉÔòÉÔòÉÔòÉÔòÉÔòÉÔòÉÔòÉÔòÉÔòÉÔòÉÔòÉÔòÉÔòÉÔòÉÔòÉÔòÉÔòÉÔòÉÔòÉÔòÉÔòÉÔòÉÔòÉÔòÉÔòÉÔòÉÔòÉÔòÉÔòÉÔòÉÔòÉÔòÉÔòÉÔòÉÔòÉÔòÉÔòÉÔòÉÔòù
    Ôòæ Looks like Playwright Test or Playwright was just installed or updated. Ôòæ
    Ôòæ Please run the following command to download new browsers:              Ôòæ
    Ôòæ                                                                         Ôòæ
    Ôòæ     npx playwright install                                              Ôòæ
    Ôòæ                                                                         Ôòæ
    Ôòæ <3 Playwright Team                                                      Ôòæ
    ÔòÜÔòÉÔòÉÔòÉÔòÉÔòÉÔòÉÔòÉÔòÉÔòÉÔòÉÔòÉÔòÉÔòÉÔòÉÔòÉÔòÉÔòÉÔòÉÔòÉÔòÉÔòÉÔòÉÔòÉÔòÉÔòÉÔòÉÔòÉÔòÉÔòÉÔòÉÔòÉÔòÉÔòÉÔòÉÔòÉÔòÉÔòÉÔòÉÔòÉÔòÉÔòÉÔòÉÔòÉÔòÉÔòÉÔòÉÔòÉÔòÉÔòÉÔòÉÔòÉÔòÉÔòÉÔòÉÔòÉÔòÉÔòÉÔòÉÔòÉÔòÉÔòÉÔòÉÔòÉÔòÉÔòÉÔòÉÔòÉÔòÉÔòÉÔòÉÔòÉÔòÉÔòÉÔòØ


[1A[2K  3) [mobile-safari] ÔÇ║ tests\critical_features.spec.js:70:5 ÔÇ║ EVALUACI├ôN DE FUNCIONES CR├ìTICAS (KAI) ÔÇ║ F06: Edici├│n Inline y Persistencia Local 

    Error: browserType.launch: Executable doesn't exist at C:\Users\User\AppData\Local\ms-playwright\webkit-2248\Playwright.exe
    ÔòöÔòÉÔòÉÔòÉÔòÉÔòÉÔòÉÔòÉÔòÉÔòÉÔòÉÔòÉÔòÉÔòÉÔòÉÔòÉÔòÉÔòÉÔòÉÔòÉÔòÉÔòÉÔòÉÔòÉÔòÉÔòÉÔòÉÔòÉÔòÉÔòÉÔòÉÔòÉÔòÉÔòÉÔòÉÔòÉÔòÉÔòÉÔòÉÔòÉÔòÉÔòÉÔòÉÔòÉÔòÉÔòÉÔòÉÔòÉÔòÉÔòÉÔòÉÔòÉÔòÉÔòÉÔòÉÔòÉÔòÉÔòÉÔòÉÔòÉÔòÉÔòÉÔòÉÔòÉÔòÉÔòÉÔòÉÔòÉÔòÉÔòÉÔòÉÔòÉÔòÉÔòÉÔòù
    Ôòæ Looks like Playwright Test or Playwright was just installed or updated. Ôòæ
    Ôòæ Please run the following command to download new browsers:              Ôòæ
    Ôòæ                                                                         Ôòæ
    Ôòæ     npx playwright install                                              Ôòæ
    Ôòæ                                                                         Ôòæ
    Ôòæ <3 Playwright Team                                                      Ôòæ
    ÔòÜÔòÉÔòÉÔòÉÔòÉÔòÉÔòÉÔòÉÔòÉÔòÉÔòÉÔòÉÔòÉÔòÉÔòÉÔòÉÔòÉÔòÉÔòÉÔòÉÔòÉÔòÉÔòÉÔòÉÔòÉÔòÉÔòÉÔòÉÔòÉÔòÉÔòÉÔòÉÔòÉÔòÉÔòÉÔòÉÔòÉÔòÉÔòÉÔòÉÔòÉÔòÉÔòÉÔòÉÔòÉÔòÉÔòÉÔòÉÔòÉÔòÉÔòÉÔòÉÔòÉÔòÉÔòÉÔòÉÔòÉÔòÉÔòÉÔòÉÔòÉÔòÉÔòÉÔòÉÔòÉÔòÉÔòÉÔòÉÔòÉÔòÉÔòÉÔòÉÔòÉÔòÉÔòØ


